[2026-02-03T19:29:55.358Z] 🚀 Starting Restocka Autonomy System...
[2026-02-03T19:29:55.359Z] 🦞 Starting autonomy loop...
[2026-02-03T19:29:55.359Z] 📊 Checking market conditions...
[2026-02-03T19:29:55.360Z] 🏦 Checking Morpho position...
[2026-02-03T19:29:55.360Z] 💰 Checking Bankr fees...
[2026-02-03T19:29:55.360Z] 🎉 Claiming 0.045 WETH...
[2026-02-03T19:29:55.360Z] ✓ Claimed 0.045 WETH
[2026-02-03T19:29:55.360Z] ✓ Position balanced
[2026-02-03T19:29:55.360Z] 💵 Processing operations revenue...
[2026-02-03T19:29:55.360Z] 📊 Revenue: $2790
[2026-02-03T19:29:55.360Z]    Treasury: $1395.00
[2026-02-03T19:29:55.360Z]    Operations: $558.00
[2026-02-03T19:29:55.360Z]    Buyback: $837.00
[2026-02-03T19:29:55.360Z] 
[2026-02-03T19:29:55.360Z] ════════════════════════════════════
[2026-02-03T19:29:55.360Z] 🦞 AUTONOMY SUMMARY
[2026-02-03T19:29:55.360Z] ════════════════════════════════════
[2026-02-03T19:29:55.360Z] Total Revenue: $2790.00
[2026-02-03T19:29:55.360Z] Fees Claimed: 0.0450 WETH
[2026-02-03T19:29:55.360Z] Morpho Position: 5000 RESTOCKA / 1200 USDC
[2026-02-03T19:29:55.360Z] Self-Funding: 95.6%
[2026-02-03T19:29:55.360Z] 
[2026-02-03T19:29:55.361Z] 🦞 Agents fund themselves. Repeat forever.
[2026-02-03T19:29:55.361Z] ════════════════════════════════════
